// Jest Snapshot v1, https://goo.gl/fbAQLP

exports[`Home view tests snapshot 1`] = `
<div>
  <div
    style="width: 100%; height: 100%; display: flex; justify-content: center; align-items: center; margin-top: 2em;"
  >
    <span>
      Loading...
    </span>
  </div>
</div>
`;
